2026-08-27 21:52:41 [INFO] ts_benchmark.data.data_source(126): Start loading 1 series in parallel
2026-08-27 21:52:41 [INFO] ts_benchmark.data.data_source(135): Data loading finished.
2026-08-27 21:52:41 [INFO] ts_benchmark.data.suites.global_storage(40): Data server starting...
2026-08-27 21:52:41 [INFO] ts_benchmark.data.suites.global_storage(41): Start sending data to the global storage.
2026-08-27 21:52:41 [INFO] ts_benchmark.data.suites.global_storage(46): Notifying all workers to sync data from the global storage.
2026-08-27 21:52:41 [INFO] ts_benchmark.data.suites.global_storage(49): Data server started.
2026-08-27 21:52:41 [INFO] ts_benchmark.models.model_loader(102): Trying to load model ts_benchmark.baselines.time_series_library.TimesNet
scheduling TimesNet:   0%|          | 0/1 [00:00<?, ?it/s]2026-08-27 21:52:42 [WARNING] ts_benchmark.baselines.deep_forecasting_model_base(67): The model parameter horizon is deprecated. Please use pred_len.
scheduling TimesNet: 100%|██████████| 1/1 [00:28<00:00, 28.99s/it]scheduling TimesNet: 100%|██████████| 1/1 [00:28<00:00, 28.99s/it]
collecting TimesNet:   0%|          | 0/1 [00:00<?, ?it/s]collecting TimesNet: 100%|██████████| 1/1 [00:00<00:00, 104857.60it/s]collecting TimesNet: 100%|██████████| 1/1 [00:00<00:00, 18477.11it/s] 
2026-08-27 21:53:11 [INFO] ts_benchmark.recording(148): Traceback (most recent call last):
  File "/sonic_home/igor.viveiros/src/TFB/ts_benchmark/evaluation/strategy/forecasting.py", line 51, in execute
    single_series_results = self._execute(
  File "/sonic_home/igor.viveiros/src/TFB/ts_benchmark/evaluation/strategy/rolling_forecast.py", line 271, in _execute
    return self._eval_batch(series, meta_info, model, series_name)
  File "/sonic_home/igor.viveiros/src/TFB/ts_benchmark/evaluation/strategy/rolling_forecast.py", line 422, in _eval_batch
    fit_method(
  File "/sonic_home/igor.viveiros/src/TFB/ts_benchmark/baselines/deep_forecasting_model_base.py", line 401, in forecast_fit
    optimizer.step()
  File "/sonic_home/igor.viveiros/py310/lib64/python3.9/site-packages/torch/optim/optimizer.py", line 516, in wrapper
    out = func(*args, **kwargs)
  File "/sonic_home/igor.viveiros/py310/lib64/python3.9/site-packages/torch/optim/optimizer.py", line 81, in _use_grad
    ret = func(*args, **kwargs)
  File "/sonic_home/igor.viveiros/py310/lib64/python3.9/site-packages/torch/optim/adam.py", line 247, in step
    adam(
  File "/sonic_home/igor.viveiros/py310/lib64/python3.9/site-packages/torch/optim/optimizer.py", line 149, in maybe_fallback
    return func(*args, **kwargs)
  File "/sonic_home/igor.viveiros/py310/lib64/python3.9/site-packages/torch/optim/adam.py", line 949, in adam
    func(
  File "/sonic_home/igor.viveiros/py310/lib64/python3.9/site-packages/torch/optim/adam.py", line 773, in _multi_tensor_adam
    exp_avg_sq_sqrt = torch._foreach_sqrt(device_exp_avg_sqs)
torch.OutOfMemoryError: CUDA out of memory. Tried to allocate 42.00 MiB. GPU 0 has a total capacity of 31.40 GiB of which 7.88 MiB is free. Process 38283 has 22.41 GiB memory in use. Process 38467 has 5.11 GiB memory in use. Including non-PyTorch memory, this process has 3.85 GiB memory in use. Of the allocated memory 3.01 GiB is allocated by PyTorch, and 206.47 MiB is reserved by PyTorch but unallocated. If reserved but unallocated memory is large try setting PYTORCH_CUDA_ALLOC_CONF=expandable_segments:True to avoid fragmentation.  See documentation for Memory Management  (https://pytorch.org/docs/stable/notes/cuda.html#environment-variables)

CUDA out of memory. Tried to allocate 42.00 MiB. GPU 0 has a total capacity of 31.40 GiB of which 7.88 MiB is free. Process 38283 has 22.41 GiB memory in use. Process 38467 has 5.11 GiB memory in use. Including non-PyTorch memory, this process has 3.85 GiB memory in use. Of the allocated memory 3.01 GiB is allocated by PyTorch, and 206.47 MiB is reserved by PyTorch but unallocated. If reserved but unallocated memory is large try setting PYTORCH_CUDA_ALLOC_CONF=expandable_segments:True to avoid fragmentation.  See documentation for Memory Management  (https://pytorch.org/docs/stable/notes/cuda.html#environment-variables)
2026-08-27 21:53:11 [INFO] ts_benchmark.recording(103): loading log file /sonic_home/igor.viveiros/src/TFB/result/tfb_check/log_retornos_TimesNet_lb104_h10_k10_seed2026/TimesNet.1787878391.medusa6.205755.csv.tar.gz
2026-08-27 21:53:11 [INFO] ts_benchmark.report.utils.leaderboard(164): There are 7 NaN values in the leaderboard due to a higher-than-threshold NaN ratio in the corresponding model+algorithm pairs.
ERRO: nenhuma previsao decodificada com h=10.
