2026-08-27 19:05:22 [INFO] ts_benchmark.data.data_source(126): Start loading 1 series in parallel
2026-08-27 19:05:22 [INFO] ts_benchmark.data.data_source(135): Data loading finished.
2026-08-27 19:05:22 [INFO] ts_benchmark.data.suites.global_storage(40): Data server starting...
2026-08-27 19:05:22 [INFO] ts_benchmark.data.suites.global_storage(41): Start sending data to the global storage.
2026-08-27 19:05:22 [INFO] ts_benchmark.data.suites.global_storage(46): Notifying all workers to sync data from the global storage.
2026-08-27 19:05:22 [INFO] ts_benchmark.data.suites.global_storage(49): Data server started.
2026-08-27 19:05:22 [INFO] ts_benchmark.models.model_loader(102): Trying to load model ts_benchmark.baselines.time_series_library.TimesNet
scheduling TimesNet:   0%|          | 0/1 [00:00<?, ?it/s]2026-08-27 19:05:23 [WARNING] ts_benchmark.baselines.deep_forecasting_model_base(67): The model parameter horizon is deprecated. Please use pred_len.
scheduling TimesNet: 100%|██████████| 1/1 [00:29<00:00, 29.31s/it]scheduling TimesNet: 100%|██████████| 1/1 [00:29<00:00, 29.31s/it]
collecting TimesNet:   0%|          | 0/1 [00:00<?, ?it/s]collecting TimesNet: 100%|██████████| 1/1 [00:00<00:00, 102300.10it/s]collecting TimesNet: 100%|██████████| 1/1 [00:00<00:00, 14716.86it/s] 
2026-08-27 19:05:53 [INFO] ts_benchmark.recording(148): Traceback (most recent call last):
  File "/sonic_home/igor.viveiros/src/TFB/ts_benchmark/evaluation/strategy/forecasting.py", line 51, in execute
    single_series_results = self._execute(
  File "/sonic_home/igor.viveiros/src/TFB/ts_benchmark/evaluation/strategy/rolling_forecast.py", line 271, in _execute
    return self._eval_batch(series, meta_info, model, series_name)
  File "/sonic_home/igor.viveiros/src/TFB/ts_benchmark/evaluation/strategy/rolling_forecast.py", line 422, in _eval_batch
    fit_method(
  File "/sonic_home/igor.viveiros/src/TFB/ts_benchmark/baselines/deep_forecasting_model_base.py", line 400, in forecast_fit
    total_loss.backward()
  File "/sonic_home/igor.viveiros/py310/lib64/python3.9/site-packages/torch/_tensor.py", line 647, in backward
    torch.autograd.backward(
  File "/sonic_home/igor.viveiros/py310/lib64/python3.9/site-packages/torch/autograd/__init__.py", line 354, in backward
    _engine_run_backward(
  File "/sonic_home/igor.viveiros/py310/lib64/python3.9/site-packages/torch/autograd/graph.py", line 829, in _engine_run_backward
    return Variable._execution_engine.run_backward(  # Calls into the C++ engine to run the backward pass
torch.OutOfMemoryError: CUDA out of memory. Tried to allocate 62.00 MiB. GPU 0 has a total capacity of 31.40 GiB of which 35.88 MiB is free. Process 38283 has 22.41 GiB memory in use. Process 38467 has 5.11 GiB memory in use. Including non-PyTorch memory, this process has 3.82 GiB memory in use. Of the allocated memory 2.96 GiB is allocated by PyTorch, and 224.49 MiB is reserved by PyTorch but unallocated. If reserved but unallocated memory is large try setting PYTORCH_CUDA_ALLOC_CONF=expandable_segments:True to avoid fragmentation.  See documentation for Memory Management  (https://pytorch.org/docs/stable/notes/cuda.html#environment-variables)

CUDA out of memory. Tried to allocate 62.00 MiB. GPU 0 has a total capacity of 31.40 GiB of which 35.88 MiB is free. Process 38283 has 22.41 GiB memory in use. Process 38467 has 5.11 GiB memory in use. Including non-PyTorch memory, this process has 3.82 GiB memory in use. Of the allocated memory 2.96 GiB is allocated by PyTorch, and 224.49 MiB is reserved by PyTorch but unallocated. If reserved but unallocated memory is large try setting PYTORCH_CUDA_ALLOC_CONF=expandable_segments:True to avoid fragmentation.  See documentation for Memory Management  (https://pytorch.org/docs/stable/notes/cuda.html#environment-variables)
2026-08-27 19:05:53 [INFO] ts_benchmark.recording(103): loading log file /sonic_home/igor.viveiros/src/TFB/result/tfb_check/retornos_simples_TimesNet_lb104_h15_k15_seed2026/TimesNet.1787868353.medusa6.100590.csv.tar.gz
2026-08-27 19:05:53 [INFO] ts_benchmark.report.utils.leaderboard(164): There are 7 NaN values in the leaderboard due to a higher-than-threshold NaN ratio in the corresponding model+algorithm pairs.
ERRO: nenhuma previsao decodificada com h=15.
